// Jest Snapshot v1, https://goo.gl/fbAQLP

exports[`should test the 'forcedColorAdjust' plugin 1`] = `
"
.forced-color-adjust-auto {
  forced-color-adjust: auto;
}

.forced-color-adjust-none {
  forced-color-adjust: none;
}
"
`;
